Microchip MPLAB XC8 Compiler V2.46

Linker command line:

-W-3 --edf=/opt/microchip/xc8/v2.46/pic/dat/20240104201356_en.msgs -cn \
  -h+dist/default/production/DC_OVL.X.production.sym \
  --cmf=dist/default/production/DC_OVL.X.production.cmf -z -Q16F876 \
  -o/tmp/xcXMaocfk/driver_tmp_3.o --defsym=__MPLAB_BUILD=1 \
  --fixupoverflow=error -Mdist/default/production/DC_OVL.X.production.map \
  --md=/tmp/xcXMaocfk/driver_tmp_0.dat -E1 -ver=XC8 Compiler --acfsm=1493 \
  -ACODE=00h-07FFhx4 -ASTRCODE=00h-01FFFh -ASTRING=00h-0FFhx32 \
  -ACONST=00h-0FFhx32 -AENTRY=00h-0FFhx32 -ACOMMON=070h-07Fh \
  -ABANK0=020h-06Fh -ABANK1=0A0h-0EFh -ABANK2=0110h-016Fh \
  -ABANK3=0190h-01EFh -ARAM=020h-06Fh,0A0h-0EFh,0110h-016Fh,0190h-01EFh \
  -AABS1=020h-07Fh,0A0h-0EFh,0110h-016Fh,0190h-01EFh -ASFR0=00h-01Fh \
  -ASFR1=080h-09Fh -ASFR2=0100h-010Fh -ASFR3=0180h-018Fh \
  -ACONFIG=02007h-02007h -DCONFIG=2 -AIDLOC=02000h-02003h -DIDLOC=2 \
  -AEEDATA=00h-0FFh/02100h -peeprom_data=EEDATA -DEEDATA=2 -DCODE=2 \
  -DSTRCODE=2 -DSTRING=2 -DCONST=2 -DENTRY=2 \
  -preset_vec=00h,intentry,sivt,init,end_init -ppowerup=CODE -pcinit=CODE \
  -pfunctab=ENTRY -k /tmp/xcXMaocfk/driver_tmp_12.o \
  dist/default/production/DC_OVL.X.production.o 

Object code version is 3.11

Machine type is 16F876



                Name                               Link     Load   Length Selector   Space Scale
/tmp/xcXMaocfk/driver_tmp_12.o
                end_init                              0        0        3        0       0
                config                             2007     2007        1        0       4
dist/default/production/DC_OVL.X.production.o
                cinit                               7F2      7F2        E      FE4       0
                config                             2007     2007        1        0       4
                text2                               5F7      5F7       32      BEE       0
                text1                               5D0      5D0       27      BA0       0
                maintext                            629      629      1C9      C52       0
                cstackCOMMON                         70       70        D       70       1
                clrtext                             5C8      5C8        8      B90       0
                bssBANK0                             20       20       28       20       1
                bssCOMMON                            7D       7D        1       70       1
                nvBANK0                              48       48        2       20       1
                strings                               3        3        B        6       0

TOTAL           Name                               Link     Load   Length     Space
        CLASS   CODE           
                end_init                              0        0        3         0
                cinit                               7F2      7F2        E         0
                text2                               5F7      5F7       32         0
                text1                               5D0      5D0       27         0
                maintext                            629      629      1C9         0
                clrtext                             5C8      5C8        8         0

        CLASS   STRCODE        

        CLASS   STRING         
                strings                               3        3        B         0

        CLASS   CONST          

        CLASS   ENTRY          

        CLASS   COMMON         
                cstackCOMMON                         70       70        D         1
                bssCOMMON                            7D       7D        1         1

        CLASS   BANK0          
                bssBANK0                             20       20       28         1
                nvBANK0                              48       48        2         1

        CLASS   BANK1          

        CLASS   BANK2          

        CLASS   BANK3          

        CLASS   RAM            

        CLASS   ABS1           
                abs_s1                               7E       7E        2         1

        CLASS   SFR0           

        CLASS   SFR1           

        CLASS   SFR2           

        CLASS   SFR3           

        CLASS   CONFIG         
                config                             2007     2007        1         4

        CLASS   IDLOC          

        CLASS   EEDATA         

        CLASS   HEAP           

        CLASS   STACK          



SEGMENTS        Name                           Load    Length   Top    Selector   Space  Class     Delta

                strings                        000003  00000B  00000E         6       0  STRING      2
                clrtext                        0005C8  000008  0005D0       B90       0  CODE        2
                text1                          0005D0  000027  0005F7       BA0       0  CODE        2
                maintext                       000629  0001C9  0007F2       C52       0  CODE        2
                text2                          0005F7  000032  000629       BEE       0  CODE        2
                bssBANK0                       000020  00002A  00004A        20       1  BANK0       1
                cinit                          0007F2  00000E  000800       FE4       0  CODE        2
                reset_vec                      000000  000003  000003         0       0  CODE        2
                cstackCOMMON                   000070  00000E  00007E        70       1  COMMON      1


UNUSED ADDRESS RANGES

        Name                Unused          Largest block    Delta
        BANK0            004A-006F             26           1
        BANK1            00A0-00EF             50           1
        BANK2            0110-016F             60           1
        BANK3            0190-01EF             60           1
        CODE             000E-05C7            5BA           2
                         0800-1FFF            800
        CONST            000E-05C7            100           2
                         0800-1FFF            100
        EEDATA           2100-21FF            100           2
        ENTRY            000E-05C7            100           2
                         0800-1FFF            100
        IDLOC            2000-2003              4           2
        RAM              004A-006F             26           1
                         00A0-00EF             50
                         0110-016F             60
                         0190-01EF             60
        SFR0             0000-001F             20           1
        SFR1             0080-009F             20           1
        SFR2             0100-010F             10           1
        SFR3             0180-018F             10           1
        STRCODE          000E-05C7            5BA           2
                         0800-1FFF           1800
        STRING           000E-05C7            100           2
                         0800-1FFF            100

                                  Symbol Table

?_adc_read               cstackCOMMON 0070
_ADCON0                  (abs)        001F
_ADCON1bits              (abs)        009F
_ADRESH                  (abs)        001E
_ADRESL                  (abs)        009E
_BRGH                    (abs)        04C2
_CREN                    (abs)        00C4
_GO_DONE                 (abs)        00FA
_OERR                    (abs)        00C1
_OPTION_REGbits          (abs)        0081
_PORTA                   (abs)        0005
_PORTB                   (abs)        0006
_PORTC                   (abs)        0007
_RC3                     (abs)        003B
_RC5                     (abs)        003D
_RCIF                    (abs)        0065
_RCREG                   (abs)        001A
_SPBRG                   (abs)        0099
_SPEN                    (abs)        00C7
_STATUS                  (abs)        0003
_T1CONbits               (abs)        0010
_T2CONbits               (abs)        0012
_TMR1                    (abs)        000E
_TMR1IF                  (abs)        0060
_TMR1ON                  (abs)        0080
_TRISA                   (abs)        0085
_TRISB                   (abs)        0086
_TRISC                   (abs)        0087
_TRMT                    (abs)        04C1
_TXEN                    (abs)        04C5
_TXIF                    (abs)        0064
_TXREG                   (abs)        0019
__H__absolute__          __absolute__ 0000
__Habs1                  abs1         0000
__Hbank0                 bank0        0000
__Hbank1                 bank1        0000
__Hbank2                 bank2        0000
__Hbank3                 bank3        0000
__HbssBANK0              bssBANK0     0000
__HbssCOMMON             bssCOMMON    0000
__Hcinit                 cinit        0800
__Hclrtext               clrtext      0000
__Hcode                  code         0000
__Hcommon                common       0000
__Hconfig                config       2008
__HcstackCOMMON          cstackCOMMON 0000
__Heeprom_data           eeprom_data  0000
__Hend_init              end_init     0003
__Hfunctab               functab      0000
__Hheap                  heap         0000
__Hinit                  init         0000
__Hintentry              intentry     0000
__Hmaintext              maintext     0000
__HnvBANK0               nvBANK0      0000
__Hpowerup               powerup      0000
__Hram                   ram          0000
__Hreset_vec             reset_vec    0000
__Hsfr0                  sfr0         0000
__Hsfr1                  sfr1         0000
__Hsfr2                  sfr2         0000
__Hsfr3                  sfr3         0000
__Hsivt                  sivt         0000
__Hspace_0               (abs)        0800
__Hspace_1               (abs)        007E
__Hspace_2               (abs)        0000
__Hspace_3               (abs)        0000
__Hspace_4               (abs)        400F
__Hstack                 stack        0000
__Hstrings               strings      0000
__Htext                  text         0000
__L__absolute__          __absolute__ 0000
__Labs1                  abs1         0000
__Lbank0                 bank0        0000
__Lbank1                 bank1        0000
__Lbank2                 bank2        0000
__Lbank3                 bank3        0000
__LbssBANK0              bssBANK0     0000
__LbssCOMMON             bssCOMMON    0000
__Lcinit                 cinit        07F2
__Lclrtext               clrtext      0000
__Lcode                  code         0000
__Lcommon                common       0000
__Lconfig                config       0000
__LcstackCOMMON          cstackCOMMON 0000
__Leeprom_data           eeprom_data  0000
__Lend_init              end_init     0000
__Lfunctab               functab      0000
__Lheap                  heap         0000
__Linit                  init         0000
__Lintentry              intentry     0000
__Lmaintext              maintext     0000
__LnvBANK0               nvBANK0      0000
__Lpowerup               powerup      0000
__Lram                   ram          0000
__Lreset_vec             reset_vec    0000
__Lsfr0                  sfr0         0000
__Lsfr1                  sfr1         0000
__Lsfr2                  sfr2         0000
__Lsfr3                  sfr3         0000
__Lsivt                  sivt         0000
__Lspace_0               (abs)        0000
__Lspace_1               (abs)        0000
__Lspace_2               (abs)        0000
__Lspace_3               (abs)        0000
__Lspace_4               (abs)        0000
__Lstack                 stack        0000
__Lstrings               strings      0000
__Ltext                  text         0000
__S0                     (abs)        0800
__S1                     (abs)        007E
__S3                     (abs)        0000
___heap_hi               (abs)        0000
___heap_lo               (abs)        0000
___int_sp                stack        0000
___int_stack_hi          stack        0000
___int_stack_lo          stack        0000
___latbits               (abs)        0002
___sp                    stack        0000
___stack_hi              stack        0000
___stack_lo              stack        0000
___stackhi               (abs)        0000
___stacklo               (abs)        0000
__end_of_AA              strings      000D
__end_of_AAINV           strings      000A
__end_of_ALT             strings      000E
__end_of_ALTINV          strings      000B
__end_of_COP             strings      000C
__end_of__initialization cinit        07FC
__end_of__stringtab      strings      0009
__end_of_adc_filter      text2        0629
__end_of_adc_read        text1        05F7
__end_of_main            maintext     07F2
__initialization         cinit        07F2
__pbssBANK0              bssBANK0     0020
__pbssCOMMON             bssCOMMON    007D
__pcstackCOMMON          cstackCOMMON 0070
__pmaintext              maintext     0629
__pnvBANK0               nvBANK0      0048
__pstrings               strings      0003
__ptext1                 text1        05D0
__ptext2                 text2        05F7
__stringbase             strings      0008
__stringtab              strings      0003
_adc_filter              text2        05F7
_adc_read                text1        05D0
_blik                    bssBANK0     0031
_bufout                  bssBANK0     0028
_fh                      bssBANK0     003E
_fil                     bssBANK0     003F
_film                    bssBANK0     003B
_i                       bssBANK0     0038
_in                      bssBANK0     0020
_j                       bssCOMMON    007D
_k                       bssBANK0     0037
_kniplx                  bssBANK0     0044
_kniplxfil               bssBANK0     0040
_kniply                  bssBANK0     0046
_kniplyfil               bssBANK0     0042
_kom                     bssBANK0     0033
_main                    maintext     0629
_prijac                  bssBANK0     0034
_prijaty                 bssBANK0     0035
_ptr                     nvBANK0      0048
_res                     bssBANK0     003C
_set                     bssBANK0     003D
adc_filter@act           cstackCOMMON 0077
adc_filter@ax            cstackCOMMON 0075
adc_filter@filt          cstackCOMMON 0070
adc_read@channel         cstackCOMMON 0073
btemp                    (abs)        007E
clear_ram0               clrtext      05C8
end_of_initialization    cinit        07FC
intlevel0                functab      0000
intlevel1                functab      0000
intlevel2                functab      0000
intlevel3                functab      0000
intlevel4                functab      0000
intlevel5                functab      0000
reset_vec                reset_vec    0000
start                    init         0000
start_initialization     cinit        07F2
wtemp0                   (abs)        007E


MODULE INFORMATION

Module		Function		Class		Link	Load	Size
shared
		_ALT           		STRING         	0000	0000	0
		__stringtab    		STRING         	0003	0000	6
		_AA            		STRING         	0000	0000	0
		_ALTINV        		STRING         	0000	0000	0
		__initialization		CODE           	07F2	0000	10
		_AAINV         		STRING         	0000	0000	0
		_COP           		STRING         	0000	0000	0

shared estimated size: 16

DCOVL.c
		_main          		CODE           	0629	0000	457
		_adc_filter    		CODE           	05F7	0000	50
		_adc_read      		CODE           	05D0	0000	39

DCOVL.c estimated size: 546

